antonio@Antonio-Lenovo:~$ git config --list
user.name=AntonioHelheim
antonio@Antonio-Lenovo:~$ ssh-keygen -t ed25519 -C "JuanAntonioConchaLoyola@gmail.com"
Generating public/private ed25519 key pair.
Enter file in which to save the key (/home/antonio/.ssh/id_ed25519): 
/home/antonio/.ssh/id_ed25519 already exists.
Overwrite (y/n)? y
Enter passphrase (empty for no passphrase): 
Enter same passphrase again: 
Your identification has been saved in /home/antonio/.ssh/id_ed25519
Your public key has been saved in /home/antonio/.ssh/id_ed25519.pub
The key fingerprint is:
SHA256:xot5gcuojlt67TSaVGVJDbOlzrbnnZ5JhdoAAt45yDI JuanAntonioConchaLoyola@gmail.com
The key's randomart image is:
+--[ED25519 256]--+
|  .   +o.        |
| o + o *.        |
|E + = B          |
| o   B +   .     |
|    . = S . .    |
|   . + * * .     |
|  o.+ * = o      |
| =.=.. + o +     |
|++=..   ..*      |
+----[SHA256]-----+
antonio@Antonio-Lenovo:~$ cat ~/.ssh/id_ed25519.pub
ssh-ed25519 AAAAC3NzaC1lZDI1NTE5AAAAIN3AnbQCVl96k1nmaSTSO6SyYM73WuqP4fMN0YS0s97g JuanAntonioConchaLoyola@gmail.com
antonio@Antonio-Lenovo:~$ ssh -T git@github.com
Hi AntonioHelheim! You've successfully authenticated, but GitHub does not provide shell access.
antonio@Antonio-Lenovo:~$ php -v
PHP 8.3.6 (cli) (built: Jul 14 2025 18:30:55) (NTS)
Copyright (c) The PHP Group
Zend Engine v4.3.6, Copyright (c) Zend Technologies
    with Zend OPcache v8.3.6, Copyright (c), by Zend Technologies
antonio@Antonio-Lenovo:~$ which php
/usr/bin/php
antonio@Antonio-Lenovo:~$ 


Comprobar Resultado GitHub

antonio@Antonio-Lenovo:~$ git status
fatal: no es un repositorio git (ni ninguno de los directorios superiores): .git
antonio@Antonio-Lenovo:~$ cd ~/Documentos/public_html
antonio@Antonio-Lenovo:~/Documentos/public_html$ git status
En la rama main
nada para hacer commit, el árbol de trabajo está limpio
antonio@Antonio-Lenovo:~/Documentos/public_html$ git commit -m "Primer commit sin subrepositorio"
En la rama main
nada para hacer commit, el árbol de trabajo está limpio
antonio@Antonio-Lenovo:~/Documentos/public_html$ git log --oneline
7aec813 (HEAD -> main) Primer commit sin subrepositorio
antonio@Antonio-Lenovo:~/Documentos/public_html$ 








