antonio@Antonio-Lenovo:~$ git config --list
user.name=AntonioHelheim
antonio@Antonio-Lenovo:~$ ssh-keygen -t ed25519 -C "JuanAntonioConchaLoyola@gmail.com"
Generating public/private ed25519 key pair.
Enter file in which to save the key (/home/antonio/.ssh/id_ed25519): 
/home/antonio/.ssh/id_ed25519 already exists.
Overwrite (y/n)? y
Enter passphrase (empty for no passphrase): 
Enter same passphrase again: 
Your identification has been saved in /home/antonio/.ssh/id_ed25519
Your public key has been saved in /home/antonio/.ssh/id_ed25519.pub
The key fingerprint is:
SHA256:xot5gcuojlt67TSaVGVJDbOlzrbnnZ5JhdoAAt45yDI JuanAntonioConchaLoyola@gmail.com
The key's randomart image is:
+--[ED25519 256]--+
|  .   +o.        |
| o + o *.        |
|E + = B          |
| o   B +   .     |
|    . = S . .    |
|   . + * * .     |
|  o.+ * = o      |
| =.=.. + o +     |
|++=..   ..*      |
+----[SHA256]-----+
antonio@Antonio-Lenovo:~$ cat ~/.ssh/id_ed25519.pub
ssh-ed25519 AAAAC3NzaC1lZDI1NTE5AAAAIN3AnbQCVl96k1nmaSTSO6SyYM73WuqP4fMN0YS0s97g JuanAntonioConchaLoyola@gmail.com
antonio@Antonio-Lenovo:~$ ssh -T git@github.com
Hi AntonioHelheim! You've successfully authenticated, but GitHub does not provide shell access.
antonio@Antonio-Lenovo:~$ php -v
PHP 8.3.6 (cli) (built: Jul 14 2025 18:30:55) (NTS)
Copyright (c) The PHP Group
Zend Engine v4.3.6, Copyright (c) Zend Technologies
    with Zend OPcache v8.3.6, Copyright (c), by Zend Technologies
antonio@Antonio-Lenovo:~$ which php
/usr/bin/php
antonio@Antonio-Lenovo:~$ 


Comprobar Resultado GitHub

antonio@Antonio-Lenovo:~$ git status
fatal: no es un repositorio git (ni ninguno de los directorios superiores): .git
antonio@Antonio-Lenovo:~$ cd ~/Documentos/public_html
antonio@Antonio-Lenovo:~/Documentos/public_html$ git status
En la rama main
nada para hacer commit, el árbol de trabajo está limpio
antonio@Antonio-Lenovo:~/Documentos/public_html$ git commit -m "Primer commit sin subrepositorio"
En la rama main
nada para hacer commit, el árbol de trabajo está limpio
antonio@Antonio-Lenovo:~/Documentos/public_html$ git log --oneline
7aec813 (HEAD -> main) Primer commit sin subrepositorio
antonio@Antonio-Lenovo:~/Documentos/public_html$ 



Lazcano@DESKTOP-I7QDVE6 MINGW64 ~
$ cd /d/Usuario/Documents/FrontEnd/Helheim

Lazcano@DESKTOP-I7QDVE6 MINGW64 /d/Usuario/Documents/FrontEnd/Helheim
$ pwd
/d/Usuario/Documents/FrontEnd/Helheim

Lazcano@DESKTOP-I7QDVE6 MINGW64 /d/Usuario/Documents/FrontEnd/Helheim
$ ssh -T git@github.com
Hi Malazga99! You've successfully authenticated, but GitHub does not provide shell access.

Lazcano@DESKTOP-I7QDVE6 MINGW64 /d/Usuario/Documents/FrontEnd/Helheim
$ git clone -b main git@github.com:AntonioHelheim/web.git
fatal: destination path 'web' already exists and is not an empty directory.

Lazcano@DESKTOP-I7QDVE6 MINGW64 /d/Usuario/Documents/FrontEnd/Helheim
$ rm -rf web           # elimina la carpeta vieja (no se puede deshacer)
Cloning into 'web'...
remote: Enumerating objects: 9408, done.
remote: Counting objects: 100% (6/6), done.
remote: Compressing objects: 100% (5/5), done.
remote: Total 9408 (delta 0), reused 0 (delta 0), pack-reused 9402 (from 2)
Receiving objects: 100% (9408/9408), 269.64 MiB | 9.43 MiB/s, done.
Resolving deltas: 100% (1783/1783), done.
Updating files: 100% (9519/9519), done.
warning: the following paths have collided (e.g. case-sensitive paths
on a case-insensitive filesystem) and only one from the same
colliding group is in the working tree:

  'section/Portfolio-Juan-Antonio-Concha-Loyola/images/diseno/Coffe 1.gif'
  'section/Portfolio-Juan-Antonio-Concha-Loyola/images/diseno/coffe 1.gif'
  'section/Portfolio-Juan-Antonio-Concha-Loyola/images/diseno/Coffe 2.gif'
  'section/Portfolio-Juan-Antonio-Concha-Loyola/images/diseno/coffe 2.gif'

Lazcano@DESKTOP-I7QDVE6 MINGW64 /d/Usuario/Documents/FrontEnd/Helheim/web (main)
$ cd /d/Usuario/Documents/FrontEnd/Helheim/web

Lazcano@DESKTOP-I7QDVE6 MINGW64 /d/Usuario/Documents/FrontEnd/Helheim/web (main)
$ git branch
* main

Lazcano@DESKTOP-I7QDVE6 MINGW64 /d/Usuario/Documents/FrontEnd/Helheim/web (main)
$








